2026-05-19T23:10:27,407 ERROR PlanCalcScoreConfigGroup$ScoringParameterSet:1544 it looks like you have an activity type with opening time set to 0:00 and closing time set to 24:00. This is most probably not the same as not setting them at all.  In particular, activities which extend past midnight may not accumulate scores.
2026-05-19T23:10:27,407 ERROR PlanCalcScoreConfigGroup$ScoringParameterSet:1544 it looks like you have an activity type with opening time set to 0:00 and closing time set to 24:00. This is most probably not the same as not setting them at all.  In particular, activities which extend past midnight may not accumulate scores.
2026-05-19T23:10:27,407 ERROR PlanCalcScoreConfigGroup$ScoringParameterSet:1544 it looks like you have an activity type with opening time set to 0:00 and closing time set to 24:00. This is most probably not the same as not setting them at all.  In particular, activities which extend past midnight may not accumulate scores.
2026-05-19T23:10:27,407 ERROR PlanCalcScoreConfigGroup$ScoringParameterSet:1544 it looks like you have an activity type with opening time set to 0:00 and closing time set to 24:00. This is most probably not the same as not setting them at all.  In particular, activities which extend past midnight may not accumulate scores.
2026-05-19T23:10:27,407 ERROR PlanCalcScoreConfigGroup$ScoringParameterSet:1544 it looks like you have an activity type with opening time set to 0:00 and closing time set to 24:00. This is most probably not the same as not setting them at all.  In particular, activities which extend past midnight may not accumulate scores.
2026-05-19T23:10:27,407 ERROR PlanCalcScoreConfigGroup$ScoringParameterSet:1544 it looks like you have an activity type with opening time set to 0:00 and closing time set to 24:00. This is most probably not the same as not setting them at all.  In particular, activities which extend past midnight may not accumulate scores.
2026-05-19T23:10:27,407 ERROR PlanCalcScoreConfigGroup$ScoringParameterSet:1544 it looks like you have an activity type with opening time set to 0:00 and closing time set to 24:00. This is most probably not the same as not setting them at all.  In particular, activities which extend past midnight may not accumulate scores.
2026-05-19T23:10:27,407 ERROR PlanCalcScoreConfigGroup$ScoringParameterSet:1544 it looks like you have an activity type with opening time set to 0:00 and closing time set to 24:00. This is most probably not the same as not setting them at all.  In particular, activities which extend past midnight may not accumulate scores.
2026-05-19T23:10:27,407 ERROR PlanCalcScoreConfigGroup$ScoringParameterSet:1544 it looks like you have an activity type with opening time set to 0:00 and closing time set to 24:00. This is most probably not the same as not setting them at all.  In particular, activities which extend past midnight may not accumulate scores.
2026-05-19T23:10:27,407 ERROR PlanCalcScoreConfigGroup$ScoringParameterSet:1544 it looks like you have an activity type with opening time set to 0:00 and closing time set to 24:00. This is most probably not the same as not setting them at all.  In particular, activities which extend past midnight may not accumulate scores.
2026-05-19T23:10:27,407 ERROR PlanCalcScoreConfigGroup$ScoringParameterSet:1544 it looks like you have an activity type with opening time set to 0:00 and closing time set to 24:00. This is most probably not the same as not setting them at all.  In particular, activities which extend past midnight may not accumulate scores.
2026-05-19T23:10:27,407 ERROR PlanCalcScoreConfigGroup$ScoringParameterSet:1544 it looks like you have an activity type with opening time set to 0:00 and closing time set to 24:00. This is most probably not the same as not setting them at all.  In particular, activities which extend past midnight may not accumulate scores.
2026-05-19T23:10:27,407 ERROR PlanCalcScoreConfigGroup$ScoringParameterSet:1544 it looks like you have an activity type with opening time set to 0:00 and closing time set to 24:00. This is most probably not the same as not setting them at all.  In particular, activities which extend past midnight may not accumulate scores.
2026-05-19T23:10:27,407 ERROR PlanCalcScoreConfigGroup$ScoringParameterSet:1544 it looks like you have an activity type with opening time set to 0:00 and closing time set to 24:00. This is most probably not the same as not setting them at all.  In particular, activities which extend past midnight may not accumulate scores.
2026-05-19T23:10:27,407 ERROR PlanCalcScoreConfigGroup$ScoringParameterSet:1544 it looks like you have an activity type with opening time set to 0:00 and closing time set to 24:00. This is most probably not the same as not setting them at all.  In particular, activities which extend past midnight may not accumulate scores.
2026-05-19T23:10:27,407 ERROR PlanCalcScoreConfigGroup$ScoringParameterSet:1544 it looks like you have an activity type with opening time set to 0:00 and closing time set to 24:00. This is most probably not the same as not setting them at all.  In particular, activities which extend past midnight may not accumulate scores.
2026-05-19T23:10:27,407 ERROR PlanCalcScoreConfigGroup$ScoringParameterSet:1544 it looks like you have an activity type with opening time set to 0:00 and closing time set to 24:00. This is most probably not the same as not setting them at all.  In particular, activities which extend past midnight may not accumulate scores.
2026-05-19T23:10:27,407 ERROR PlanCalcScoreConfigGroup$ScoringParameterSet:1544 it looks like you have an activity type with opening time set to 0:00 and closing time set to 24:00. This is most probably not the same as not setting them at all.  In particular, activities which extend past midnight may not accumulate scores.
2026-05-19T23:10:27,511  WARN PrepareForSimImpl:229 'usePersonIdForMissingVehicleId' is deprecated. It will be removed soon.
2026-05-19T23:11:02,235  WARN RandomizingTimeDistanceTravelDisutilityFactory:113 There will be no routing randomness. The randomization of the travel disutility requires the monetary distance rate to be different than zero. Continuing anyway.
2026-05-19T23:11:02,235  WARN RandomizingTimeDistanceTravelDisutilityFactory:118 There will be no routing randomness. The randomization of the travel disutility requires the travel time cost rate to be different than zero. Continuing anyway.
2026-05-19T23:28:49,140  WARN CharyparNagelActivityScoring:247 The first and the last activity do not have the same type. 
2026-05-19T23:28:49,140  WARN CharyparNagelActivityScoring:248 Will score the first activity from midnight to its end, and the last activity from its start to midnight.
2026-05-19T23:28:49,140  WARN CharyparNagelActivityScoring:249 Because of the nonlinear function, this is not the same as scoring from start to end.
2026-05-19T23:28:49,142  WARN CharyparNagelActivityScoring:250 first activity: act [type=act_1][coord=[x=-76.581429 | y=38.939425]][linkId=osm_733589816_9_fwd][startTime=undefined][endTime=09:15:00][duration=undefined][facilityId=null]
2026-05-19T23:28:49,142  WARN CharyparNagelActivityScoring:251 last activity: act [type=act_2][coord=[x=-76.530334 | y=38.96121]][linkId=osm_11517064_5_fwd][startTime=09:30:27][endTime=undefined][duration=undefined][facilityId=null]
2026-05-19T23:28:49,142  WARN CharyparNagelActivityScoring:252 This may also happen when plans are not completed when the simulation ends.
2026-05-19T23:28:49,142  WARN CharyparNagelActivityScoring:254 Additional warnings of this type are suppressed.
2026-05-19T23:28:49,142  WARN CharyparNagelActivityScoring:229 There are opening or closing times defined for the first and last activity. The correctness of the scoring function can thus not be guaranteed.
2026-05-19T23:28:49,142  WARN CharyparNagelActivityScoring:230 first activity: act [type=act_5][coord=[x=-76.554484 | y=38.967819]][linkId=osm_11511647_15_fwd][startTime=undefined][endTime=12:20:00][duration=undefined][facilityId=null]
2026-05-19T23:28:49,142  WARN CharyparNagelActivityScoring:231 last activity: act [type=act_5][coord=[x=-76.530334 | y=38.96121]][linkId=osm_11517064_5_fwd][startTime=12:28:45][endTime=undefined][duration=undefined][facilityId=null]
2026-05-19T23:28:49,142  WARN CharyparNagelActivityScoring:229 There are opening or closing times defined for the first and last activity. The correctness of the scoring function can thus not be guaranteed.
2026-05-19T23:28:49,142  WARN CharyparNagelActivityScoring:230 first activity: act [type=act_5][coord=[x=-76.554484 | y=38.967819]][linkId=osm_11511647_15_fwd][startTime=undefined][endTime=12:20:00][duration=undefined][facilityId=null]
2026-05-19T23:28:49,142  WARN CharyparNagelActivityScoring:231 last activity: act [type=act_5][coord=[x=-76.530334 | y=38.96121]][linkId=osm_11517064_5_fwd][startTime=12:28:37][endTime=undefined][duration=undefined][facilityId=null]
2026-05-19T23:28:49,142  WARN CharyparNagelActivityScoring:229 There are opening or closing times defined for the first and last activity. The correctness of the scoring function can thus not be guaranteed.
2026-05-19T23:28:49,142  WARN CharyparNagelActivityScoring:230 first activity: act [type=act_5][coord=[x=-76.554484 | y=38.967819]][linkId=osm_11511647_15_fwd][startTime=undefined][endTime=12:20:00][duration=undefined][facilityId=null]
2026-05-19T23:28:49,142  WARN CharyparNagelActivityScoring:231 last activity: act [type=act_5][coord=[x=-76.530334 | y=38.96121]][linkId=osm_11517064_5_fwd][startTime=12:28:30][endTime=undefined][duration=undefined][facilityId=null]
2026-05-19T23:28:49,142  WARN CharyparNagelActivityScoring:229 There are opening or closing times defined for the first and last activity. The correctness of the scoring function can thus not be guaranteed.
2026-05-19T23:28:49,142  WARN CharyparNagelActivityScoring:230 first activity: act [type=act_5][coord=[x=-76.554484 | y=38.967819]][linkId=osm_11511647_15_fwd][startTime=undefined][endTime=12:20:00][duration=undefined][facilityId=null]
2026-05-19T23:28:49,142  WARN CharyparNagelActivityScoring:231 last activity: act [type=act_5][coord=[x=-76.530334 | y=38.96121]][linkId=osm_11517064_5_fwd][startTime=12:28:23][endTime=undefined][duration=undefined][facilityId=null]
2026-05-19T23:28:49,142  WARN CharyparNagelActivityScoring:229 There are opening or closing times defined for the first and last activity. The correctness of the scoring function can thus not be guaranteed.
2026-05-19T23:28:49,142  WARN CharyparNagelActivityScoring:230 first activity: act [type=act_5][coord=[x=-76.554484 | y=38.967819]][linkId=osm_11511647_15_fwd][startTime=undefined][endTime=12:20:00][duration=undefined][facilityId=null]
2026-05-19T23:28:49,142  WARN CharyparNagelActivityScoring:231 last activity: act [type=act_5][coord=[x=-76.530334 | y=38.96121]][linkId=osm_11517064_5_fwd][startTime=12:28:16][endTime=undefined][duration=undefined][facilityId=null]
2026-05-19T23:28:49,142  WARN CharyparNagelActivityScoring:229 There are opening or closing times defined for the first and last activity. The correctness of the scoring function can thus not be guaranteed.
2026-05-19T23:28:49,142  WARN CharyparNagelActivityScoring:230 first activity: act [type=act_5][coord=[x=-76.554484 | y=38.967819]][linkId=osm_11511647_15_fwd][startTime=undefined][endTime=12:20:00][duration=undefined][facilityId=null]
2026-05-19T23:28:49,142  WARN CharyparNagelActivityScoring:231 last activity: act [type=act_5][coord=[x=-76.530334 | y=38.96121]][linkId=osm_11517064_5_fwd][startTime=12:28:09][endTime=undefined][duration=undefined][facilityId=null]
2026-05-19T23:28:49,142  WARN CharyparNagelActivityScoring:229 There are opening or closing times defined for the first and last activity. The correctness of the scoring function can thus not be guaranteed.
2026-05-19T23:28:49,142  WARN CharyparNagelActivityScoring:230 first activity: act [type=act_13][coord=[x=-76.644672 | y=38.88218]][linkId=osm_311049316_1_fwd][startTime=undefined][endTime=09:45:00][duration=undefined][facilityId=null]
2026-05-19T23:28:49,142  WARN CharyparNagelActivityScoring:231 last activity: act [type=act_13][coord=[x=-76.55349 | y=38.934091]][linkId=osm_11513014_3_fwd][startTime=10:00:33][endTime=undefined][duration=undefined][facilityId=null]
2026-05-19T23:28:49,142  WARN CharyparNagelActivityScoring:229 There are opening or closing times defined for the first and last activity. The correctness of the scoring function can thus not be guaranteed.
2026-05-19T23:28:49,142  WARN CharyparNagelActivityScoring:230 first activity: act [type=act_13][coord=[x=-76.644672 | y=38.88218]][linkId=osm_311049316_1_fwd][startTime=undefined][endTime=09:45:00][duration=undefined][facilityId=null]
2026-05-19T23:28:49,142  WARN CharyparNagelActivityScoring:231 last activity: act [type=act_13][coord=[x=-76.55349 | y=38.934091]][linkId=osm_11513014_3_fwd][startTime=10:00:28][endTime=undefined][duration=undefined][facilityId=null]
2026-05-19T23:28:49,142  WARN CharyparNagelActivityScoring:229 There are opening or closing times defined for the first and last activity. The correctness of the scoring function can thus not be guaranteed.
2026-05-19T23:28:49,142  WARN CharyparNagelActivityScoring:230 first activity: act [type=act_13][coord=[x=-76.644672 | y=38.88218]][linkId=osm_311049316_1_fwd][startTime=undefined][endTime=09:45:00][duration=undefined][facilityId=null]
2026-05-19T23:28:49,142  WARN CharyparNagelActivityScoring:231 last activity: act [type=act_13][coord=[x=-76.55349 | y=38.934091]][linkId=osm_11513014_3_fwd][startTime=10:00:23][endTime=undefined][duration=undefined][facilityId=null]
2026-05-19T23:28:49,142  WARN CharyparNagelActivityScoring:229 There are opening or closing times defined for the first and last activity. The correctness of the scoring function can thus not be guaranteed.
2026-05-19T23:28:49,142  WARN CharyparNagelActivityScoring:230 first activity: act [type=act_13][coord=[x=-76.644672 | y=38.88218]][linkId=osm_311049316_1_fwd][startTime=undefined][endTime=09:45:00][duration=undefined][facilityId=null]
2026-05-19T23:28:49,142  WARN CharyparNagelActivityScoring:231 last activity: act [type=act_13][coord=[x=-76.55349 | y=38.934091]][linkId=osm_11513014_3_fwd][startTime=10:00:18][endTime=undefined][duration=undefined][facilityId=null]
2026-05-19T23:28:49,142  WARN CharyparNagelActivityScoring:229 There are opening or closing times defined for the first and last activity. The correctness of the scoring function can thus not be guaranteed.
2026-05-19T23:28:49,142  WARN CharyparNagelActivityScoring:230 first activity: act [type=act_10][coord=[x=-76.525304 | y=38.812626]][linkId=osm_11508513_5_fwd][startTime=undefined][endTime=10:33:00][duration=undefined][facilityId=null]
2026-05-19T23:28:49,142  WARN CharyparNagelActivityScoring:231 last activity: act [type=act_10][coord=[x=-76.525304 | y=38.812626]][linkId=osm_11508513_5_fwd][startTime=10:33:00][endTime=undefined][duration=undefined][facilityId=null]
2026-05-19T23:28:49,142  WARN CharyparNagelActivityScoring:233 Additional warnings of this type are suppressed.
