2026-06-04T02:44:06,488 ERROR PlanCalcScoreConfigGroup$ScoringParameterSet:1544 it looks like you have an activity type with opening time set to 0:00 and closing time set to 24:00. This is most probably not the same as not setting them at all.  In particular, activities which extend past midnight may not accumulate scores.
2026-06-04T02:44:06,488 ERROR PlanCalcScoreConfigGroup$ScoringParameterSet:1544 it looks like you have an activity type with opening time set to 0:00 and closing time set to 24:00. This is most probably not the same as not setting them at all.  In particular, activities which extend past midnight may not accumulate scores.
2026-06-04T02:44:06,488 ERROR PlanCalcScoreConfigGroup$ScoringParameterSet:1544 it looks like you have an activity type with opening time set to 0:00 and closing time set to 24:00. This is most probably not the same as not setting them at all.  In particular, activities which extend past midnight may not accumulate scores.
2026-06-04T02:44:06,488 ERROR PlanCalcScoreConfigGroup$ScoringParameterSet:1544 it looks like you have an activity type with opening time set to 0:00 and closing time set to 24:00. This is most probably not the same as not setting them at all.  In particular, activities which extend past midnight may not accumulate scores.
2026-06-04T02:44:06,488 ERROR PlanCalcScoreConfigGroup$ScoringParameterSet:1544 it looks like you have an activity type with opening time set to 0:00 and closing time set to 24:00. This is most probably not the same as not setting them at all.  In particular, activities which extend past midnight may not accumulate scores.
2026-06-04T02:44:06,488 ERROR PlanCalcScoreConfigGroup$ScoringParameterSet:1544 it looks like you have an activity type with opening time set to 0:00 and closing time set to 24:00. This is most probably not the same as not setting them at all.  In particular, activities which extend past midnight may not accumulate scores.
2026-06-04T02:44:06,488 ERROR PlanCalcScoreConfigGroup$ScoringParameterSet:1544 it looks like you have an activity type with opening time set to 0:00 and closing time set to 24:00. This is most probably not the same as not setting them at all.  In particular, activities which extend past midnight may not accumulate scores.
2026-06-04T02:44:06,488 ERROR PlanCalcScoreConfigGroup$ScoringParameterSet:1544 it looks like you have an activity type with opening time set to 0:00 and closing time set to 24:00. This is most probably not the same as not setting them at all.  In particular, activities which extend past midnight may not accumulate scores.
2026-06-04T02:44:06,488 ERROR PlanCalcScoreConfigGroup$ScoringParameterSet:1544 it looks like you have an activity type with opening time set to 0:00 and closing time set to 24:00. This is most probably not the same as not setting them at all.  In particular, activities which extend past midnight may not accumulate scores.
2026-06-04T02:44:06,488 ERROR PlanCalcScoreConfigGroup$ScoringParameterSet:1544 it looks like you have an activity type with opening time set to 0:00 and closing time set to 24:00. This is most probably not the same as not setting them at all.  In particular, activities which extend past midnight may not accumulate scores.
2026-06-04T02:44:06,488 ERROR PlanCalcScoreConfigGroup$ScoringParameterSet:1544 it looks like you have an activity type with opening time set to 0:00 and closing time set to 24:00. This is most probably not the same as not setting them at all.  In particular, activities which extend past midnight may not accumulate scores.
2026-06-04T02:44:06,488 ERROR PlanCalcScoreConfigGroup$ScoringParameterSet:1544 it looks like you have an activity type with opening time set to 0:00 and closing time set to 24:00. This is most probably not the same as not setting them at all.  In particular, activities which extend past midnight may not accumulate scores.
2026-06-04T02:44:06,488 ERROR PlanCalcScoreConfigGroup$ScoringParameterSet:1544 it looks like you have an activity type with opening time set to 0:00 and closing time set to 24:00. This is most probably not the same as not setting them at all.  In particular, activities which extend past midnight may not accumulate scores.
2026-06-04T02:44:06,488 ERROR PlanCalcScoreConfigGroup$ScoringParameterSet:1544 it looks like you have an activity type with opening time set to 0:00 and closing time set to 24:00. This is most probably not the same as not setting them at all.  In particular, activities which extend past midnight may not accumulate scores.
2026-06-04T02:44:06,488 ERROR PlanCalcScoreConfigGroup$ScoringParameterSet:1544 it looks like you have an activity type with opening time set to 0:00 and closing time set to 24:00. This is most probably not the same as not setting them at all.  In particular, activities which extend past midnight may not accumulate scores.
2026-06-04T02:44:06,488 ERROR PlanCalcScoreConfigGroup$ScoringParameterSet:1544 it looks like you have an activity type with opening time set to 0:00 and closing time set to 24:00. This is most probably not the same as not setting them at all.  In particular, activities which extend past midnight may not accumulate scores.
2026-06-04T02:44:06,488 ERROR PlanCalcScoreConfigGroup$ScoringParameterSet:1544 it looks like you have an activity type with opening time set to 0:00 and closing time set to 24:00. This is most probably not the same as not setting them at all.  In particular, activities which extend past midnight may not accumulate scores.
2026-06-04T02:44:06,488 ERROR PlanCalcScoreConfigGroup$ScoringParameterSet:1544 it looks like you have an activity type with opening time set to 0:00 and closing time set to 24:00. This is most probably not the same as not setting them at all.  In particular, activities which extend past midnight may not accumulate scores.
2026-06-04T02:44:06,552  WARN PrepareForSimImpl:229 'usePersonIdForMissingVehicleId' is deprecated. It will be removed soon.
2026-06-04T02:44:18,694  WARN RandomizingTimeDistanceTravelDisutilityFactory:113 There will be no routing randomness. The randomization of the travel disutility requires the monetary distance rate to be different than zero. Continuing anyway.
2026-06-04T02:44:18,695  WARN RandomizingTimeDistanceTravelDisutilityFactory:118 There will be no routing randomness. The randomization of the travel disutility requires the travel time cost rate to be different than zero. Continuing anyway.
2026-06-04T03:00:23,718  WARN QueueWithBuffer:500 Link osm_140479257_1_fwd too small: enlarge storage capacity from: 2.5410666666666666 Vehicles to: 3.552945563012677 Vehicles.  This is not fatal, but modifies the traffic flow dynamics.
2026-06-04T03:00:23,718  WARN QueueWithBuffer:500 Link osm_140479257_1_rev too small: enlarge storage capacity from: 2.5410666666666666 Vehicles to: 3.552945563012677 Vehicles.  This is not fatal, but modifies the traffic flow dynamics.
2026-06-04T03:06:09,034  WARN CharyparNagelActivityScoring:247 The first and the last activity do not have the same type. 
2026-06-04T03:06:09,034  WARN CharyparNagelActivityScoring:248 Will score the first activity from midnight to its end, and the last activity from its start to midnight.
2026-06-04T03:06:09,034  WARN CharyparNagelActivityScoring:249 Because of the nonlinear function, this is not the same as scoring from start to end.
2026-06-04T03:06:09,035  WARN CharyparNagelActivityScoring:250 first activity: act [type=act_1][coord=[x=-77.568691 | y=39.119503]][linkId=osm_130623096_12_fwd][startTime=undefined][endTime=15:15:00][duration=undefined][facilityId=null]
2026-06-04T03:06:09,035  WARN CharyparNagelActivityScoring:251 last activity: act [type=act_16][coord=[x=-77.705438 | y=39.140783]][linkId=osm_8817916_13_fwd][startTime=15:29:26][endTime=undefined][duration=undefined][facilityId=null]
2026-06-04T03:06:09,035  WARN CharyparNagelActivityScoring:252 This may also happen when plans are not completed when the simulation ends.
2026-06-04T03:06:09,035  WARN CharyparNagelActivityScoring:254 Additional warnings of this type are suppressed.
2026-06-04T03:06:09,036  WARN CharyparNagelActivityScoring:229 There are opening or closing times defined for the first and last activity. The correctness of the scoring function can thus not be guaranteed.
2026-06-04T03:06:09,036  WARN CharyparNagelActivityScoring:230 first activity: act [type=act_6][coord=[x=-77.149632 | y=38.868047]][linkId=osm_563453529_1_fwd][startTime=undefined][endTime=14:57:00][duration=undefined][facilityId=null]
2026-06-04T03:06:09,036  WARN CharyparNagelActivityScoring:231 last activity: act [type=act_6][coord=[x=-77.493221 | y=38.305537]][linkId=osm_20576078_7_fwd][startTime=15:58:00][endTime=undefined][duration=undefined][facilityId=null]
2026-06-04T03:06:09,036  WARN CharyparNagelActivityScoring:229 There are opening or closing times defined for the first and last activity. The correctness of the scoring function can thus not be guaranteed.
2026-06-04T03:06:09,036  WARN CharyparNagelActivityScoring:230 first activity: act [type=act_6][coord=[x=-77.149632 | y=38.868047]][linkId=osm_563453529_1_fwd][startTime=undefined][endTime=14:57:00][duration=undefined][facilityId=null]
2026-06-04T03:06:09,036  WARN CharyparNagelActivityScoring:231 last activity: act [type=act_6][coord=[x=-77.493221 | y=38.305537]][linkId=osm_20576078_7_fwd][startTime=15:57:52][endTime=undefined][duration=undefined][facilityId=null]
2026-06-04T03:06:09,036  WARN CharyparNagelActivityScoring:229 There are opening or closing times defined for the first and last activity. The correctness of the scoring function can thus not be guaranteed.
2026-06-04T03:06:09,036  WARN CharyparNagelActivityScoring:230 first activity: act [type=act_6][coord=[x=-77.149632 | y=38.868047]][linkId=osm_563453529_1_fwd][startTime=undefined][endTime=14:57:00][duration=undefined][facilityId=null]
2026-06-04T03:06:09,036  WARN CharyparNagelActivityScoring:231 last activity: act [type=act_6][coord=[x=-77.493221 | y=38.305537]][linkId=osm_20576078_7_fwd][startTime=15:57:45][endTime=undefined][duration=undefined][facilityId=null]
2026-06-04T03:06:09,036  WARN CharyparNagelActivityScoring:229 There are opening or closing times defined for the first and last activity. The correctness of the scoring function can thus not be guaranteed.
2026-06-04T03:06:09,036  WARN CharyparNagelActivityScoring:230 first activity: act [type=act_6][coord=[x=-77.149632 | y=38.868047]][linkId=osm_563453529_1_fwd][startTime=undefined][endTime=14:57:00][duration=undefined][facilityId=null]
2026-06-04T03:06:09,036  WARN CharyparNagelActivityScoring:231 last activity: act [type=act_6][coord=[x=-77.493221 | y=38.305537]][linkId=osm_20576078_7_fwd][startTime=15:57:38][endTime=undefined][duration=undefined][facilityId=null]
2026-06-04T03:06:09,036  WARN CharyparNagelActivityScoring:229 There are opening or closing times defined for the first and last activity. The correctness of the scoring function can thus not be guaranteed.
2026-06-04T03:06:09,036  WARN CharyparNagelActivityScoring:230 first activity: act [type=act_6][coord=[x=-77.149632 | y=38.868047]][linkId=osm_563453529_1_fwd][startTime=undefined][endTime=14:57:00][duration=undefined][facilityId=null]
2026-06-04T03:06:09,036  WARN CharyparNagelActivityScoring:231 last activity: act [type=act_6][coord=[x=-77.493221 | y=38.305537]][linkId=osm_20576078_7_fwd][startTime=15:57:31][endTime=undefined][duration=undefined][facilityId=null]
2026-06-04T03:06:09,036  WARN CharyparNagelActivityScoring:229 There are opening or closing times defined for the first and last activity. The correctness of the scoring function can thus not be guaranteed.
2026-06-04T03:06:09,036  WARN CharyparNagelActivityScoring:230 first activity: act [type=act_6][coord=[x=-77.149632 | y=38.868047]][linkId=osm_563453529_1_fwd][startTime=undefined][endTime=14:57:00][duration=undefined][facilityId=null]
2026-06-04T03:06:09,036  WARN CharyparNagelActivityScoring:231 last activity: act [type=act_6][coord=[x=-77.493221 | y=38.305537]][linkId=osm_20576078_7_fwd][startTime=15:57:24][endTime=undefined][duration=undefined][facilityId=null]
2026-06-04T03:06:09,036  WARN CharyparNagelActivityScoring:229 There are opening or closing times defined for the first and last activity. The correctness of the scoring function can thus not be guaranteed.
2026-06-04T03:06:09,036  WARN CharyparNagelActivityScoring:230 first activity: act [type=act_1][coord=[x=-77.415071 | y=38.845262]][linkId=osm_632866703_11_fwd][startTime=undefined][endTime=11:05:00][duration=undefined][facilityId=null]
2026-06-04T03:06:09,036  WARN CharyparNagelActivityScoring:231 last activity: act [type=act_1][coord=[x=-77.423955 | y=38.882193]][linkId=osm_8837025_41_fwd][startTime=11:14:40][endTime=undefined][duration=undefined][facilityId=null]
2026-06-04T03:06:09,036  WARN CharyparNagelActivityScoring:229 There are opening or closing times defined for the first and last activity. The correctness of the scoring function can thus not be guaranteed.
2026-06-04T03:06:09,036  WARN CharyparNagelActivityScoring:230 first activity: act [type=act_1][coord=[x=-77.415071 | y=38.845262]][linkId=osm_632866703_11_fwd][startTime=undefined][endTime=11:05:00][duration=undefined][facilityId=null]
2026-06-04T03:06:09,036  WARN CharyparNagelActivityScoring:231 last activity: act [type=act_1][coord=[x=-77.423955 | y=38.882193]][linkId=osm_8837025_41_fwd][startTime=11:14:20][endTime=undefined][duration=undefined][facilityId=null]
2026-06-04T03:06:09,036  WARN CharyparNagelActivityScoring:229 There are opening or closing times defined for the first and last activity. The correctness of the scoring function can thus not be guaranteed.
2026-06-04T03:06:09,036  WARN CharyparNagelActivityScoring:230 first activity: act [type=act_1][coord=[x=-77.415071 | y=38.845262]][linkId=osm_632866703_11_fwd][startTime=undefined][endTime=11:05:00][duration=undefined][facilityId=null]
2026-06-04T03:06:09,036  WARN CharyparNagelActivityScoring:231 last activity: act [type=act_1][coord=[x=-77.423955 | y=38.882193]][linkId=osm_8837025_41_fwd][startTime=11:14:14][endTime=undefined][duration=undefined][facilityId=null]
2026-06-04T03:06:09,036  WARN CharyparNagelActivityScoring:229 There are opening or closing times defined for the first and last activity. The correctness of the scoring function can thus not be guaranteed.
2026-06-04T03:06:09,036  WARN CharyparNagelActivityScoring:230 first activity: act [type=act_1][coord=[x=-77.415071 | y=38.845262]][linkId=osm_632866703_11_fwd][startTime=undefined][endTime=11:05:00][duration=undefined][facilityId=null]
2026-06-04T03:06:09,036  WARN CharyparNagelActivityScoring:231 last activity: act [type=act_1][coord=[x=-77.423955 | y=38.882193]][linkId=osm_8837025_41_fwd][startTime=11:14:09][endTime=undefined][duration=undefined][facilityId=null]
2026-06-04T03:06:09,036  WARN CharyparNagelActivityScoring:229 There are opening or closing times defined for the first and last activity. The correctness of the scoring function can thus not be guaranteed.
2026-06-04T03:06:09,036  WARN CharyparNagelActivityScoring:230 first activity: act [type=act_1][coord=[x=-77.415071 | y=38.845262]][linkId=osm_632866703_11_fwd][startTime=undefined][endTime=11:05:00][duration=undefined][facilityId=null]
2026-06-04T03:06:09,036  WARN CharyparNagelActivityScoring:231 last activity: act [type=act_1][coord=[x=-77.423955 | y=38.882193]][linkId=osm_8837025_41_fwd][startTime=11:14:04][endTime=undefined][duration=undefined][facilityId=null]
2026-06-04T03:06:09,036  WARN CharyparNagelActivityScoring:233 Additional warnings of this type are suppressed.
