2026-05-19T21:23:36,827 ERROR PlanCalcScoreConfigGroup$ScoringParameterSet:1544 it looks like you have an activity type with opening time set to 0:00 and closing time set to 24:00. This is most probably not the same as not setting them at all.  In particular, activities which extend past midnight may not accumulate scores.
2026-05-19T21:23:36,827 ERROR PlanCalcScoreConfigGroup$ScoringParameterSet:1544 it looks like you have an activity type with opening time set to 0:00 and closing time set to 24:00. This is most probably not the same as not setting them at all.  In particular, activities which extend past midnight may not accumulate scores.
2026-05-19T21:23:36,827 ERROR PlanCalcScoreConfigGroup$ScoringParameterSet:1544 it looks like you have an activity type with opening time set to 0:00 and closing time set to 24:00. This is most probably not the same as not setting them at all.  In particular, activities which extend past midnight may not accumulate scores.
2026-05-19T21:23:36,827 ERROR PlanCalcScoreConfigGroup$ScoringParameterSet:1544 it looks like you have an activity type with opening time set to 0:00 and closing time set to 24:00. This is most probably not the same as not setting them at all.  In particular, activities which extend past midnight may not accumulate scores.
2026-05-19T21:23:36,827 ERROR PlanCalcScoreConfigGroup$ScoringParameterSet:1544 it looks like you have an activity type with opening time set to 0:00 and closing time set to 24:00. This is most probably not the same as not setting them at all.  In particular, activities which extend past midnight may not accumulate scores.
2026-05-19T21:23:36,827 ERROR PlanCalcScoreConfigGroup$ScoringParameterSet:1544 it looks like you have an activity type with opening time set to 0:00 and closing time set to 24:00. This is most probably not the same as not setting them at all.  In particular, activities which extend past midnight may not accumulate scores.
2026-05-19T21:23:36,827 ERROR PlanCalcScoreConfigGroup$ScoringParameterSet:1544 it looks like you have an activity type with opening time set to 0:00 and closing time set to 24:00. This is most probably not the same as not setting them at all.  In particular, activities which extend past midnight may not accumulate scores.
2026-05-19T21:23:36,827 ERROR PlanCalcScoreConfigGroup$ScoringParameterSet:1544 it looks like you have an activity type with opening time set to 0:00 and closing time set to 24:00. This is most probably not the same as not setting them at all.  In particular, activities which extend past midnight may not accumulate scores.
2026-05-19T21:23:36,827 ERROR PlanCalcScoreConfigGroup$ScoringParameterSet:1544 it looks like you have an activity type with opening time set to 0:00 and closing time set to 24:00. This is most probably not the same as not setting them at all.  In particular, activities which extend past midnight may not accumulate scores.
2026-05-19T21:23:36,827 ERROR PlanCalcScoreConfigGroup$ScoringParameterSet:1544 it looks like you have an activity type with opening time set to 0:00 and closing time set to 24:00. This is most probably not the same as not setting them at all.  In particular, activities which extend past midnight may not accumulate scores.
2026-05-19T21:23:36,827 ERROR PlanCalcScoreConfigGroup$ScoringParameterSet:1544 it looks like you have an activity type with opening time set to 0:00 and closing time set to 24:00. This is most probably not the same as not setting them at all.  In particular, activities which extend past midnight may not accumulate scores.
2026-05-19T21:23:36,827 ERROR PlanCalcScoreConfigGroup$ScoringParameterSet:1544 it looks like you have an activity type with opening time set to 0:00 and closing time set to 24:00. This is most probably not the same as not setting them at all.  In particular, activities which extend past midnight may not accumulate scores.
2026-05-19T21:23:36,827 ERROR PlanCalcScoreConfigGroup$ScoringParameterSet:1544 it looks like you have an activity type with opening time set to 0:00 and closing time set to 24:00. This is most probably not the same as not setting them at all.  In particular, activities which extend past midnight may not accumulate scores.
2026-05-19T21:23:36,827 ERROR PlanCalcScoreConfigGroup$ScoringParameterSet:1544 it looks like you have an activity type with opening time set to 0:00 and closing time set to 24:00. This is most probably not the same as not setting them at all.  In particular, activities which extend past midnight may not accumulate scores.
2026-05-19T21:23:36,827 ERROR PlanCalcScoreConfigGroup$ScoringParameterSet:1544 it looks like you have an activity type with opening time set to 0:00 and closing time set to 24:00. This is most probably not the same as not setting them at all.  In particular, activities which extend past midnight may not accumulate scores.
2026-05-19T21:23:36,827 ERROR PlanCalcScoreConfigGroup$ScoringParameterSet:1544 it looks like you have an activity type with opening time set to 0:00 and closing time set to 24:00. This is most probably not the same as not setting them at all.  In particular, activities which extend past midnight may not accumulate scores.
2026-05-19T21:23:36,827 ERROR PlanCalcScoreConfigGroup$ScoringParameterSet:1544 it looks like you have an activity type with opening time set to 0:00 and closing time set to 24:00. This is most probably not the same as not setting them at all.  In particular, activities which extend past midnight may not accumulate scores.
2026-05-19T21:23:36,827 ERROR PlanCalcScoreConfigGroup$ScoringParameterSet:1544 it looks like you have an activity type with opening time set to 0:00 and closing time set to 24:00. This is most probably not the same as not setting them at all.  In particular, activities which extend past midnight may not accumulate scores.
2026-05-19T21:23:36,957  WARN PrepareForSimImpl:229 'usePersonIdForMissingVehicleId' is deprecated. It will be removed soon.
2026-05-19T21:24:21,881  WARN RandomizingTimeDistanceTravelDisutilityFactory:113 There will be no routing randomness. The randomization of the travel disutility requires the monetary distance rate to be different than zero. Continuing anyway.
2026-05-19T21:24:21,881  WARN RandomizingTimeDistanceTravelDisutilityFactory:118 There will be no routing randomness. The randomization of the travel disutility requires the travel time cost rate to be different than zero. Continuing anyway.
2026-05-19T22:39:46,157  WARN CharyparNagelActivityScoring:247 The first and the last activity do not have the same type. 
2026-05-19T22:39:46,158  WARN CharyparNagelActivityScoring:248 Will score the first activity from midnight to its end, and the last activity from its start to midnight.
2026-05-19T22:39:46,158  WARN CharyparNagelActivityScoring:249 Because of the nonlinear function, this is not the same as scoring from start to end.
2026-05-19T22:39:46,159  WARN CharyparNagelActivityScoring:250 first activity: act [type=act_1][coord=[x=-76.977497 | y=38.820876]][linkId=osm_6087955_2_fwd][startTime=undefined][endTime=18:23:00][duration=undefined][facilityId=null]
2026-05-19T22:39:46,159  WARN CharyparNagelActivityScoring:251 last activity: act [type=act_6][coord=[x=-76.981717 | y=38.803818]][linkId=osm_569426678_1_fwd][startTime=18:30:08][endTime=undefined][duration=undefined][facilityId=null]
2026-05-19T22:39:46,159  WARN CharyparNagelActivityScoring:252 This may also happen when plans are not completed when the simulation ends.
2026-05-19T22:39:46,159  WARN CharyparNagelActivityScoring:254 Additional warnings of this type are suppressed.
2026-05-19T22:39:46,160  WARN CharyparNagelActivityScoring:229 There are opening or closing times defined for the first and last activity. The correctness of the scoring function can thus not be guaranteed.
2026-05-19T22:39:46,160  WARN CharyparNagelActivityScoring:230 first activity: act [type=act_2][coord=[x=-76.724637 | y=38.933375]][linkId=osm_6114815_9_fwd][startTime=undefined][endTime=16:59:00][duration=undefined][facilityId=null]
2026-05-19T22:39:46,160  WARN CharyparNagelActivityScoring:231 last activity: act [type=act_2][coord=[x=-77.255611 | y=39.12504]][linkId=osm_5975046_2_fwd][startTime=17:52:21][endTime=undefined][duration=undefined][facilityId=null]
2026-05-19T22:39:46,160  WARN CharyparNagelActivityScoring:229 There are opening or closing times defined for the first and last activity. The correctness of the scoring function can thus not be guaranteed.
2026-05-19T22:39:46,160  WARN CharyparNagelActivityScoring:230 first activity: act [type=act_2][coord=[x=-76.724637 | y=38.933375]][linkId=osm_6114815_9_fwd][startTime=undefined][endTime=16:59:00][duration=undefined][facilityId=null]
2026-05-19T22:39:46,160  WARN CharyparNagelActivityScoring:231 last activity: act [type=act_2][coord=[x=-77.255611 | y=39.12504]][linkId=osm_5975046_2_fwd][startTime=17:52:01][endTime=undefined][duration=undefined][facilityId=null]
2026-05-19T22:39:46,160  WARN CharyparNagelActivityScoring:229 There are opening or closing times defined for the first and last activity. The correctness of the scoring function can thus not be guaranteed.
2026-05-19T22:39:46,160  WARN CharyparNagelActivityScoring:230 first activity: act [type=act_2][coord=[x=-76.724637 | y=38.933375]][linkId=osm_6114815_9_fwd][startTime=undefined][endTime=16:59:00][duration=undefined][facilityId=null]
2026-05-19T22:39:46,160  WARN CharyparNagelActivityScoring:231 last activity: act [type=act_2][coord=[x=-77.255611 | y=39.12504]][linkId=osm_5975046_2_fwd][startTime=17:51:55][endTime=undefined][duration=undefined][facilityId=null]
2026-05-19T22:39:46,160  WARN CharyparNagelActivityScoring:229 There are opening or closing times defined for the first and last activity. The correctness of the scoring function can thus not be guaranteed.
2026-05-19T22:39:46,160  WARN CharyparNagelActivityScoring:230 first activity: act [type=act_2][coord=[x=-76.724637 | y=38.933375]][linkId=osm_6114815_9_fwd][startTime=undefined][endTime=16:59:00][duration=undefined][facilityId=null]
2026-05-19T22:39:46,160  WARN CharyparNagelActivityScoring:231 last activity: act [type=act_2][coord=[x=-77.255611 | y=39.12504]][linkId=osm_5975046_2_fwd][startTime=17:51:50][endTime=undefined][duration=undefined][facilityId=null]
2026-05-19T22:39:46,160  WARN CharyparNagelActivityScoring:229 There are opening or closing times defined for the first and last activity. The correctness of the scoring function can thus not be guaranteed.
2026-05-19T22:39:46,160  WARN CharyparNagelActivityScoring:230 first activity: act [type=act_2][coord=[x=-76.724637 | y=38.933375]][linkId=osm_6114815_9_fwd][startTime=undefined][endTime=16:59:00][duration=undefined][facilityId=null]
2026-05-19T22:39:46,160  WARN CharyparNagelActivityScoring:231 last activity: act [type=act_2][coord=[x=-77.255611 | y=39.12504]][linkId=osm_5975046_2_fwd][startTime=17:51:45][endTime=undefined][duration=undefined][facilityId=null]
2026-05-19T22:39:46,160  WARN CharyparNagelActivityScoring:229 There are opening or closing times defined for the first and last activity. The correctness of the scoring function can thus not be guaranteed.
2026-05-19T22:39:46,160  WARN CharyparNagelActivityScoring:230 first activity: act [type=act_2][coord=[x=-76.724637 | y=38.933375]][linkId=osm_6114815_9_fwd][startTime=undefined][endTime=16:59:00][duration=undefined][facilityId=null]
2026-05-19T22:39:46,160  WARN CharyparNagelActivityScoring:231 last activity: act [type=act_2][coord=[x=-77.255611 | y=39.12504]][linkId=osm_5975046_2_fwd][startTime=17:51:40][endTime=undefined][duration=undefined][facilityId=null]
2026-05-19T22:39:46,160  WARN CharyparNagelActivityScoring:229 There are opening or closing times defined for the first and last activity. The correctness of the scoring function can thus not be guaranteed.
2026-05-19T22:39:46,160  WARN CharyparNagelActivityScoring:230 first activity: act [type=act_2][coord=[x=-76.724637 | y=38.933375]][linkId=osm_6114815_9_fwd][startTime=undefined][endTime=16:59:00][duration=undefined][facilityId=null]
2026-05-19T22:39:46,160  WARN CharyparNagelActivityScoring:231 last activity: act [type=act_2][coord=[x=-77.255611 | y=39.12504]][linkId=osm_5975046_2_fwd][startTime=17:51:35][endTime=undefined][duration=undefined][facilityId=null]
2026-05-19T22:39:46,160  WARN CharyparNagelActivityScoring:229 There are opening or closing times defined for the first and last activity. The correctness of the scoring function can thus not be guaranteed.
2026-05-19T22:39:46,161  WARN CharyparNagelActivityScoring:230 first activity: act [type=act_2][coord=[x=-76.724637 | y=38.933375]][linkId=osm_6114815_9_fwd][startTime=undefined][endTime=16:59:00][duration=undefined][facilityId=null]
2026-05-19T22:39:46,161  WARN CharyparNagelActivityScoring:231 last activity: act [type=act_2][coord=[x=-77.255611 | y=39.12504]][linkId=osm_5975046_2_fwd][startTime=17:51:30][endTime=undefined][duration=undefined][facilityId=null]
2026-05-19T22:39:46,161  WARN CharyparNagelActivityScoring:229 There are opening or closing times defined for the first and last activity. The correctness of the scoring function can thus not be guaranteed.
2026-05-19T22:39:46,161  WARN CharyparNagelActivityScoring:230 first activity: act [type=act_2][coord=[x=-76.724637 | y=38.933375]][linkId=osm_6114815_9_fwd][startTime=undefined][endTime=16:59:00][duration=undefined][facilityId=null]
2026-05-19T22:39:46,161  WARN CharyparNagelActivityScoring:231 last activity: act [type=act_2][coord=[x=-77.255611 | y=39.12504]][linkId=osm_5975046_2_fwd][startTime=17:51:25][endTime=undefined][duration=undefined][facilityId=null]
2026-05-19T22:39:46,161  WARN CharyparNagelActivityScoring:229 There are opening or closing times defined for the first and last activity. The correctness of the scoring function can thus not be guaranteed.
2026-05-19T22:39:46,161  WARN CharyparNagelActivityScoring:230 first activity: act [type=act_2][coord=[x=-76.724637 | y=38.933375]][linkId=osm_6114815_9_fwd][startTime=undefined][endTime=16:59:00][duration=undefined][facilityId=null]
2026-05-19T22:39:46,161  WARN CharyparNagelActivityScoring:231 last activity: act [type=act_2][coord=[x=-77.255611 | y=39.12504]][linkId=osm_5975046_2_fwd][startTime=17:52:16][endTime=undefined][duration=undefined][facilityId=null]
2026-05-19T22:39:46,161  WARN CharyparNagelActivityScoring:229 There are opening or closing times defined for the first and last activity. The correctness of the scoring function can thus not be guaranteed.
2026-05-19T22:39:46,161  WARN CharyparNagelActivityScoring:230 first activity: act [type=act_2][coord=[x=-76.724637 | y=38.933375]][linkId=osm_6114815_9_fwd][startTime=undefined][endTime=16:59:00][duration=undefined][facilityId=null]
2026-05-19T22:39:46,161  WARN CharyparNagelActivityScoring:231 last activity: act [type=act_2][coord=[x=-77.255611 | y=39.12504]][linkId=osm_5975046_2_fwd][startTime=17:52:11][endTime=undefined][duration=undefined][facilityId=null]
2026-05-19T22:39:46,161  WARN CharyparNagelActivityScoring:233 Additional warnings of this type are suppressed.
