2026-06-04T02:33:53,468 ERROR PlanCalcScoreConfigGroup$ScoringParameterSet:1544 it looks like you have an activity type with opening time set to 0:00 and closing time set to 24:00. This is most probably not the same as not setting them at all.  In particular, activities which extend past midnight may not accumulate scores.
2026-06-04T02:33:53,468 ERROR PlanCalcScoreConfigGroup$ScoringParameterSet:1544 it looks like you have an activity type with opening time set to 0:00 and closing time set to 24:00. This is most probably not the same as not setting them at all.  In particular, activities which extend past midnight may not accumulate scores.
2026-06-04T02:33:53,468 ERROR PlanCalcScoreConfigGroup$ScoringParameterSet:1544 it looks like you have an activity type with opening time set to 0:00 and closing time set to 24:00. This is most probably not the same as not setting them at all.  In particular, activities which extend past midnight may not accumulate scores.
2026-06-04T02:33:53,468 ERROR PlanCalcScoreConfigGroup$ScoringParameterSet:1544 it looks like you have an activity type with opening time set to 0:00 and closing time set to 24:00. This is most probably not the same as not setting them at all.  In particular, activities which extend past midnight may not accumulate scores.
2026-06-04T02:33:53,468 ERROR PlanCalcScoreConfigGroup$ScoringParameterSet:1544 it looks like you have an activity type with opening time set to 0:00 and closing time set to 24:00. This is most probably not the same as not setting them at all.  In particular, activities which extend past midnight may not accumulate scores.
2026-06-04T02:33:53,468 ERROR PlanCalcScoreConfigGroup$ScoringParameterSet:1544 it looks like you have an activity type with opening time set to 0:00 and closing time set to 24:00. This is most probably not the same as not setting them at all.  In particular, activities which extend past midnight may not accumulate scores.
2026-06-04T02:33:53,468 ERROR PlanCalcScoreConfigGroup$ScoringParameterSet:1544 it looks like you have an activity type with opening time set to 0:00 and closing time set to 24:00. This is most probably not the same as not setting them at all.  In particular, activities which extend past midnight may not accumulate scores.
2026-06-04T02:33:53,468 ERROR PlanCalcScoreConfigGroup$ScoringParameterSet:1544 it looks like you have an activity type with opening time set to 0:00 and closing time set to 24:00. This is most probably not the same as not setting them at all.  In particular, activities which extend past midnight may not accumulate scores.
2026-06-04T02:33:53,468 ERROR PlanCalcScoreConfigGroup$ScoringParameterSet:1544 it looks like you have an activity type with opening time set to 0:00 and closing time set to 24:00. This is most probably not the same as not setting them at all.  In particular, activities which extend past midnight may not accumulate scores.
2026-06-04T02:33:53,468 ERROR PlanCalcScoreConfigGroup$ScoringParameterSet:1544 it looks like you have an activity type with opening time set to 0:00 and closing time set to 24:00. This is most probably not the same as not setting them at all.  In particular, activities which extend past midnight may not accumulate scores.
2026-06-04T02:33:53,468 ERROR PlanCalcScoreConfigGroup$ScoringParameterSet:1544 it looks like you have an activity type with opening time set to 0:00 and closing time set to 24:00. This is most probably not the same as not setting them at all.  In particular, activities which extend past midnight may not accumulate scores.
2026-06-04T02:33:53,468 ERROR PlanCalcScoreConfigGroup$ScoringParameterSet:1544 it looks like you have an activity type with opening time set to 0:00 and closing time set to 24:00. This is most probably not the same as not setting them at all.  In particular, activities which extend past midnight may not accumulate scores.
2026-06-04T02:33:53,468 ERROR PlanCalcScoreConfigGroup$ScoringParameterSet:1544 it looks like you have an activity type with opening time set to 0:00 and closing time set to 24:00. This is most probably not the same as not setting them at all.  In particular, activities which extend past midnight may not accumulate scores.
2026-06-04T02:33:53,468 ERROR PlanCalcScoreConfigGroup$ScoringParameterSet:1544 it looks like you have an activity type with opening time set to 0:00 and closing time set to 24:00. This is most probably not the same as not setting them at all.  In particular, activities which extend past midnight may not accumulate scores.
2026-06-04T02:33:53,468 ERROR PlanCalcScoreConfigGroup$ScoringParameterSet:1544 it looks like you have an activity type with opening time set to 0:00 and closing time set to 24:00. This is most probably not the same as not setting them at all.  In particular, activities which extend past midnight may not accumulate scores.
2026-06-04T02:33:53,468 ERROR PlanCalcScoreConfigGroup$ScoringParameterSet:1544 it looks like you have an activity type with opening time set to 0:00 and closing time set to 24:00. This is most probably not the same as not setting them at all.  In particular, activities which extend past midnight may not accumulate scores.
2026-06-04T02:33:53,468 ERROR PlanCalcScoreConfigGroup$ScoringParameterSet:1544 it looks like you have an activity type with opening time set to 0:00 and closing time set to 24:00. This is most probably not the same as not setting them at all.  In particular, activities which extend past midnight may not accumulate scores.
2026-06-04T02:33:53,468 ERROR PlanCalcScoreConfigGroup$ScoringParameterSet:1544 it looks like you have an activity type with opening time set to 0:00 and closing time set to 24:00. This is most probably not the same as not setting them at all.  In particular, activities which extend past midnight may not accumulate scores.
2026-06-04T02:33:53,531  WARN PrepareForSimImpl:229 'usePersonIdForMissingVehicleId' is deprecated. It will be removed soon.
2026-06-04T02:34:05,424  WARN RandomizingTimeDistanceTravelDisutilityFactory:113 There will be no routing randomness. The randomization of the travel disutility requires the monetary distance rate to be different than zero. Continuing anyway.
2026-06-04T02:34:05,424  WARN RandomizingTimeDistanceTravelDisutilityFactory:118 There will be no routing randomness. The randomization of the travel disutility requires the travel time cost rate to be different than zero. Continuing anyway.
2026-06-04T02:40:23,337  WARN QueueWithBuffer:500 Link osm_140479257_1_fwd too small: enlarge storage capacity from: 2.5410666666666666 Vehicles to: 3.552945563012677 Vehicles.  This is not fatal, but modifies the traffic flow dynamics.
2026-06-04T02:40:23,340  WARN QueueWithBuffer:500 Link osm_140479257_1_rev too small: enlarge storage capacity from: 2.5410666666666666 Vehicles to: 3.552945563012677 Vehicles.  This is not fatal, but modifies the traffic flow dynamics.
2026-06-04T02:43:21,230  WARN CharyparNagelActivityScoring:247 The first and the last activity do not have the same type. 
2026-06-04T02:43:21,230  WARN CharyparNagelActivityScoring:248 Will score the first activity from midnight to its end, and the last activity from its start to midnight.
2026-06-04T02:43:21,230  WARN CharyparNagelActivityScoring:249 Because of the nonlinear function, this is not the same as scoring from start to end.
2026-06-04T02:43:21,232  WARN CharyparNagelActivityScoring:250 first activity: act [type=act_7][coord=[x=-77.227406 | y=38.917907]][linkId=osm_476062508_5_fwd][startTime=undefined][endTime=06:57:00][duration=undefined][facilityId=null]
2026-06-04T02:43:21,232  WARN CharyparNagelActivityScoring:251 last activity: act [type=act_2][coord=[x=-77.20503 | y=38.922961]][linkId=osm_239148611_5_fwd][startTime=07:01:55][endTime=undefined][duration=undefined][facilityId=null]
2026-06-04T02:43:21,232  WARN CharyparNagelActivityScoring:252 This may also happen when plans are not completed when the simulation ends.
2026-06-04T02:43:21,232  WARN CharyparNagelActivityScoring:254 Additional warnings of this type are suppressed.
2026-06-04T02:43:21,233  WARN CharyparNagelActivityScoring:229 There are opening or closing times defined for the first and last activity. The correctness of the scoring function can thus not be guaranteed.
2026-06-04T02:43:21,233  WARN CharyparNagelActivityScoring:230 first activity: act [type=act_2][coord=[x=-77.225175 | y=38.680159]][linkId=osm_815496574_1_fwd][startTime=undefined][endTime=10:49:00][duration=undefined][facilityId=null]
2026-06-04T02:43:21,233  WARN CharyparNagelActivityScoring:231 last activity: act [type=act_2][coord=[x=-77.258364 | y=38.675535]][linkId=osm_20425582_4_fwd][startTime=10:53:01][endTime=undefined][duration=undefined][facilityId=null]
2026-06-04T02:43:21,233  WARN CharyparNagelActivityScoring:229 There are opening or closing times defined for the first and last activity. The correctness of the scoring function can thus not be guaranteed.
2026-06-04T02:43:21,233  WARN CharyparNagelActivityScoring:230 first activity: act [type=act_2][coord=[x=-77.225175 | y=38.680159]][linkId=osm_815496574_1_fwd][startTime=undefined][endTime=10:49:00][duration=undefined][facilityId=null]
2026-06-04T02:43:21,233  WARN CharyparNagelActivityScoring:231 last activity: act [type=act_2][coord=[x=-77.258364 | y=38.675535]][linkId=osm_20425582_4_fwd][startTime=10:52:54][endTime=undefined][duration=undefined][facilityId=null]
2026-06-04T02:43:21,233  WARN CharyparNagelActivityScoring:229 There are opening or closing times defined for the first and last activity. The correctness of the scoring function can thus not be guaranteed.
2026-06-04T02:43:21,233  WARN CharyparNagelActivityScoring:230 first activity: act [type=act_2][coord=[x=-77.258364 | y=38.675535]][linkId=osm_20425582_4_fwd][startTime=undefined][endTime=11:40:00][duration=undefined][facilityId=null]
2026-06-04T02:43:21,233  WARN CharyparNagelActivityScoring:231 last activity: act [type=act_2][coord=[x=-77.194587 | y=38.730908]][linkId=osm_146349305_2_fwd][startTime=11:50:47][endTime=undefined][duration=undefined][facilityId=null]
2026-06-04T02:43:21,233  WARN CharyparNagelActivityScoring:229 There are opening or closing times defined for the first and last activity. The correctness of the scoring function can thus not be guaranteed.
2026-06-04T02:43:21,233  WARN CharyparNagelActivityScoring:230 first activity: act [type=act_2][coord=[x=-77.258364 | y=38.675535]][linkId=osm_20425582_4_fwd][startTime=undefined][endTime=11:40:00][duration=undefined][facilityId=null]
2026-06-04T02:43:21,233  WARN CharyparNagelActivityScoring:231 last activity: act [type=act_2][coord=[x=-77.194587 | y=38.730908]][linkId=osm_146349305_2_fwd][startTime=11:50:40][endTime=undefined][duration=undefined][facilityId=null]
2026-06-04T02:43:21,233  WARN CharyparNagelActivityScoring:229 There are opening or closing times defined for the first and last activity. The correctness of the scoring function can thus not be guaranteed.
2026-06-04T02:43:21,233  WARN CharyparNagelActivityScoring:230 first activity: act [type=act_2][coord=[x=-77.258364 | y=38.675535]][linkId=osm_20425582_4_fwd][startTime=undefined][endTime=11:40:00][duration=undefined][facilityId=null]
2026-06-04T02:43:21,233  WARN CharyparNagelActivityScoring:231 last activity: act [type=act_2][coord=[x=-77.194587 | y=38.730908]][linkId=osm_146349305_2_fwd][startTime=11:50:33][endTime=undefined][duration=undefined][facilityId=null]
2026-06-04T02:43:21,233  WARN CharyparNagelActivityScoring:229 There are opening or closing times defined for the first and last activity. The correctness of the scoring function can thus not be guaranteed.
2026-06-04T02:43:21,233  WARN CharyparNagelActivityScoring:230 first activity: act [type=act_2][coord=[x=-77.605626 | y=38.796024]][linkId=osm_236700730_6_fwd][startTime=undefined][endTime=08:04:00][duration=undefined][facilityId=null]
2026-06-04T02:43:21,233  WARN CharyparNagelActivityScoring:231 last activity: act [type=act_2][coord=[x=-77.606835 | y=38.791314]][linkId=osm_222148220_6_fwd][startTime=08:05:43][endTime=undefined][duration=undefined][facilityId=null]
2026-06-04T02:43:21,233  WARN CharyparNagelActivityScoring:229 There are opening or closing times defined for the first and last activity. The correctness of the scoring function can thus not be guaranteed.
2026-06-04T02:43:21,233  WARN CharyparNagelActivityScoring:230 first activity: act [type=act_7][coord=[x=-77.469702 | y=39.026776]][linkId=osm_8806211_30_fwd][startTime=undefined][endTime=19:30:00][duration=undefined][facilityId=null]
2026-06-04T02:43:21,233  WARN CharyparNagelActivityScoring:231 last activity: act [type=act_7][coord=[x=-77.456367 | y=39.017992]][linkId=osm_298242698_21_fwd][startTime=19:37:36][endTime=undefined][duration=undefined][facilityId=null]
2026-06-04T02:43:21,233  WARN CharyparNagelActivityScoring:229 There are opening or closing times defined for the first and last activity. The correctness of the scoring function can thus not be guaranteed.
2026-06-04T02:43:21,233  WARN CharyparNagelActivityScoring:230 first activity: act [type=act_7][coord=[x=-77.469702 | y=39.026776]][linkId=osm_8806211_30_fwd][startTime=undefined][endTime=19:30:00][duration=undefined][facilityId=null]
2026-06-04T02:43:21,233  WARN CharyparNagelActivityScoring:231 last activity: act [type=act_7][coord=[x=-77.456367 | y=39.017992]][linkId=osm_298242698_21_fwd][startTime=19:36:46][endTime=undefined][duration=undefined][facilityId=null]
2026-06-04T02:43:21,233  WARN CharyparNagelActivityScoring:229 There are opening or closing times defined for the first and last activity. The correctness of the scoring function can thus not be guaranteed.
2026-06-04T02:43:21,233  WARN CharyparNagelActivityScoring:230 first activity: act [type=act_7][coord=[x=-77.469702 | y=39.026776]][linkId=osm_8806211_30_fwd][startTime=undefined][endTime=19:30:00][duration=undefined][facilityId=null]
2026-06-04T02:43:21,233  WARN CharyparNagelActivityScoring:231 last activity: act [type=act_7][coord=[x=-77.456367 | y=39.017992]][linkId=osm_298242698_21_fwd][startTime=19:36:39][endTime=undefined][duration=undefined][facilityId=null]
2026-06-04T02:43:21,233  WARN CharyparNagelActivityScoring:229 There are opening or closing times defined for the first and last activity. The correctness of the scoring function can thus not be guaranteed.
2026-06-04T02:43:21,233  WARN CharyparNagelActivityScoring:230 first activity: act [type=act_7][coord=[x=-77.469702 | y=39.026776]][linkId=osm_8806211_30_fwd][startTime=undefined][endTime=19:30:00][duration=undefined][facilityId=null]
2026-06-04T02:43:21,233  WARN CharyparNagelActivityScoring:231 last activity: act [type=act_7][coord=[x=-77.456367 | y=39.017992]][linkId=osm_298242698_21_fwd][startTime=19:36:32][endTime=undefined][duration=undefined][facilityId=null]
2026-06-04T02:43:21,233  WARN CharyparNagelActivityScoring:229 There are opening or closing times defined for the first and last activity. The correctness of the scoring function can thus not be guaranteed.
2026-06-04T02:43:21,233  WARN CharyparNagelActivityScoring:230 first activity: act [type=act_7][coord=[x=-77.469702 | y=39.026776]][linkId=osm_8806211_30_fwd][startTime=undefined][endTime=19:30:00][duration=undefined][facilityId=null]
2026-06-04T02:43:21,233  WARN CharyparNagelActivityScoring:231 last activity: act [type=act_7][coord=[x=-77.456367 | y=39.017992]][linkId=osm_298242698_21_fwd][startTime=19:36:24][endTime=undefined][duration=undefined][facilityId=null]
2026-06-04T02:43:21,233  WARN CharyparNagelActivityScoring:233 Additional warnings of this type are suppressed.
